2026-08-18 07:56:13.643 | WARNING  | gear_sonic.utils.config_utils:register_rl_resolvers:20 - Warning: Some resolvers already registered: resolver 'eval' is already registered
/home/helloworld/bly/sonic-repro/GR00T-WholeBodyControl/gear_sonic/eval_agent_trl.py:61: UserWarning: 
The version_base parameter is not specified.
Please specify a compatability version level, or None.
Will assume defaults for version 1.1
  @hydra.main(config_path="config", config_name="base_eval")
/home/helloworld/bly/sonic-repro/.venv-sonic/lib/python3.11/site-packages/hydra/_internal/hydra.py:119: UserWarning: Future Hydra versions will no longer change working directory at job runtime by default.
See https://hydra.cc/docs/1.2/upgrades/1.1_to_1.2/changes_to_job_working_dir/ for more information.
  ret = run_job(
[32m2026-08-18 07:56:13.830[0m | [1mINFO    [0m | [36m__main__[0m:[36mmain[0m:[36m90[0m - [1mLoading training config file from sonic_release/config.yaml[0m
Setting seed: 0
[WARN][AppLauncher]: There are no arguments attached to the ArgumentParser object. If you have your own arguments, please load your own arguments before calling the `AppLauncher.add_app_launcher_args` method. This allows the method to check the validity of the arguments and perform checks for argument names.
[INFO][AppLauncher]: Using device: cuda
[INFO][AppLauncher]: Loading experience file: /home/helloworld/bly/sonic-repro/IsaacLab/apps/isaaclab.python.headless.kit
[2026-08-18 07:56:14,214][asyncio][DEBUG] - Using selector: EpollSelector
[2026-08-18 07:56:16,606][h5py._conv][DEBUG] - Creating converter from 7 to 5
[2026-08-18 07:56:16,606][h5py._conv][DEBUG] - Creating converter from 5 to 7
[2026-08-18 07:56:16,606][h5py._conv][DEBUG] - Creating converter from 7 to 5
[2026-08-18 07:56:16,606][h5py._conv][DEBUG] - Creating converter from 5 to 7
[2026-08-18 07:56:16,679][matplotlib][DEBUG] - matplotlib data path: /home/helloworld/bly/sonic-repro/.venv-sonic/lib/python3.11/site-packages/matplotlib/mpl-data
[2026-08-18 07:56:16,686][matplotlib][DEBUG] - CONFIGDIR=/home/helloworld/.config/matplotlib
[2026-08-18 07:56:16,687][matplotlib][DEBUG] - interactive is False
[2026-08-18 07:56:16,688][matplotlib][DEBUG] - platform is linux
[2026-08-18 07:56:17,540][filelock][DEBUG] - Attempting to release lock 131447790383824 on /tmp/isaaclab_app_launcher.lock
[2026-08-18 07:56:17,540][filelock][DEBUG] - Lock 131447790383824 released on /tmp/isaaclab_app_launcher.lock
Error executing job with overrides: ['+checkpoint=sonic_release/last.pt', '+headless=True', '++eval_callbacks=im_eval', '++run_eval_loop=False', '++num_envs=32', '++manager_env.observations.policy.enable_corruption=False', '++manager_env.observations.tokenizer.enable_corruption=False', '+manager_env/terminations=tracking/eval', '++manager_env.commands.motion.motion_lib_cfg.max_unique_motions=512', '++manager_env.commands.motion.motion_lib_cfg.motion_file=sample_data/robot_filtered', '++manager_env.commands.motion.motion_lib_cfg.smpl_motion_file=sample_data/smpl_filtered']
Traceback (most recent call last):
  File "/home/helloworld/bly/sonic-repro/GR00T-WholeBodyControl/gear_sonic/eval_agent_trl.py", line 371, in main
    env = train_agent_trl.create_manager_env(config, device, args_cli)
          ^^^^^^^^^^^^^^^^^^^^^^^^^^^^^^^^^^^^^^^^^^^^^^^^^^^^^^^^^^^^
  File "/home/helloworld/bly/sonic-repro/GR00T-WholeBodyControl/gear_sonic/train_agent_trl.py", line 107, in create_manager_env
    env_instance_cfg = custom_instantiate(config.manager_env)
                       ^^^^^^^^^^^^^^^^^^^^^^^^^^^^^^^^^^^^^^
  File "/home/helloworld/bly/sonic-repro/GR00T-WholeBodyControl/gear_sonic/trl/utils/common.py", line 116, in custom_instantiate
    _type = import_type_from_str(d.pop("_target_"))
            ^^^^^^^^^^^^^^^^^^^^^^^^^^^^^^^^^^^^^^^
  File "/home/helloworld/bly/sonic-repro/GR00T-WholeBodyControl/gear_sonic/trl/utils/common.py", line 16, in import_type_from_str
    module = importlib.import_module(module_name)
             ^^^^^^^^^^^^^^^^^^^^^^^^^^^^^^^^^^^^
  File "/home/helloworld/.local/share/uv/python/cpython-3.11.14-linux-x86_64-gnu/lib/python3.11/importlib/__init__.py", line 126, in import_module
    return _bootstrap._gcd_import(name[level:], package, level)
           ^^^^^^^^^^^^^^^^^^^^^^^^^^^^^^^^^^^^^^^^^^^^^^^^^^^^
  File "<frozen importlib._bootstrap>", line 1204, in _gcd_import
  File "<frozen importlib._bootstrap>", line 1176, in _find_and_load
  File "<frozen importlib._bootstrap>", line 1147, in _find_and_load_unlocked
  File "<frozen importlib._bootstrap>", line 690, in _load_unlocked
  File "<frozen importlib._bootstrap_external>", line 940, in exec_module
  File "<frozen importlib._bootstrap>", line 241, in _call_with_frames_removed
  File "/home/helloworld/bly/sonic-repro/GR00T-WholeBodyControl/gear_sonic/envs/manager_env/modular_tracking_env_cfg.py", line 18, in <module>
    from gear_sonic.envs.manager_env.mdp import terrain
  File "/home/helloworld/bly/sonic-repro/GR00T-WholeBodyControl/gear_sonic/envs/manager_env/mdp/__init__.py", line 6, in <module>
    from gear_sonic.envs.manager_env.mdp.commands import *  # noqa: F401, F403
    ^^^^^^^^^^^^^^^^^^^^^^^^^^^^^^^^^^^^^^^^^^^^^^^^^^^^^^
  File "/home/helloworld/bly/sonic-repro/GR00T-WholeBodyControl/gear_sonic/envs/manager_env/mdp/commands.py", line 35, in <module>
    from gear_sonic.utils.motion_lib import motion_lib_robot
  File "/home/helloworld/bly/sonic-repro/GR00T-WholeBodyControl/gear_sonic/utils/motion_lib/motion_lib_robot.py", line 1, in <module>
    from gear_sonic.utils.motion_lib.motion_lib_base import MotionLibBase
  File "/home/helloworld/bly/sonic-repro/GR00T-WholeBodyControl/gear_sonic/utils/motion_lib/motion_lib_base.py", line 15, in <module>
    from rich import progress
ModuleNotFoundError: No module named 'rich'

Set the environment variable HYDRA_FULL_ERROR=1 for a complete stack trace.
Loading user config located at: '/home/helloworld/bly/sonic-repro/.venv-sonic/lib/python3.11/site-packages/isaacsim/kit/data/Kit/Isaac-Sim/5.1/user.config.json'

|---------------------------------------------------------------------------------------------|
| Driver Version: 595.84        | Graphics API: Vulkan
|=============================================================================================|
| GPU | Name                             | Active | LDA | GPU Memory | Vendor-ID | LUID       |
|     |                                  |        |     |            | Device-ID | UUID       |
|     |                                  |        |     |            | Bus-ID    |            |
|---------------------------------------------------------------------------------------------|
| 0   | NVIDIA GeForce RTX 4090          | Yes: 0 |     | 24810   MB | 10de      | 0          |
|     |                                  |        |     |            | 2684      | e86d2e29.. |
|     |                                  |        |     |            | b         |            |
|=============================================================================================|
| OS: 24.04.3 LTS (Noble Numbat) ubuntu, Version: 24.04.3, Kernel: 7.0.0-28-generic
| XServer Vendor: The X.Org Foundation, XServer Version: 12101011 (1.21.1.11)
| Processor: AMD Ryzen 9 3900X 12-Core Processor
| Cores: 12 | Logical Cores: 24
|---------------------------------------------------------------------------------------------|
| Total Memory (MB): 64203 | Free Memory: 54655
| Total Page/Swap (MB): 32767 | Free Page/Swap: 32767
|---------------------------------------------------------------------------------------------|
