uv 0.9.13
Installed Python 3.11.14 in 47ms
 + cpython-3.11.14-linux-x86_64-gnu (python3.11)
Using CPython 3.11.14
Creating virtual environment with seed packages at: /home/helloworld/bly/sonic-repro/.venv-sonic
 + packaging==26.3
 + pip==26.2.1
 + setuptools==84.0.0
 + wheel==0.48.0
Activate with: source /home/helloworld/bly/sonic-repro/.venv-sonic/bin/activate
Using Python 3.11.14 environment at: /home/helloworld/bly/sonic-repro/.venv-sonic
Resolved 1 package in 636ms
Audited 1 package in 0.20ms
Using Python 3.11.14 environment at: /home/helloworld/bly/sonic-repro/.venv-sonic
Resolved 140 packages in 34.70s
Downloading isaacsim-test (6.0MiB)
Downloading isaacsim-cortex (1.2MiB)
Downloading isaacsim-asset (29.8MiB)
Downloading isaacsim-sensor (14.5MiB)
Downloading nvidia-cusolver-cu12 (150.9MiB)
Downloading qdldl (1.1MiB)
Downloading nvidia-nccl-cu12 (192.0MiB)
Downloading torch (825.1MiB)
Downloading torchaudio (3.3MiB)
Downloading matplotlib (8.2MiB)
Downloading triton (149.3MiB)
Downloading networkx (1.6MiB)
Downloading scipy (35.9MiB)
Downloading pillow (6.3MiB)
Downloading llvmlite (41.8MiB)
Downloading fonttools (4.7MiB)
 Downloaded qdldl
Downloading nvidia-nvjitlink-cu12 (18.8MiB)
Downloading nvidia-cudnn-cu12 (544.5MiB)
Downloading isaacsim-robot-setup (4.9MiB)
Downloading isaacsim-core (12.2MiB)
Downloading isaacsim-replicator (19.7MiB)
Downloading nvidia-curand-cu12 (53.7MiB)
Downloading isaacsim-extscache-kit (2.8GiB)
Downloading isaacsim-ros2 (100.5MiB)
Downloading isaacsim-storage (1.1MiB)
Downloading isaacsim-extscache-kit-sdk (1.3GiB)
Downloading isaacsim-benchmark (1.2MiB)
Downloading isaacsim-app (4.6MiB)
Downloading isaacsim-gui (16.5MiB)
Downloading numpy (17.3MiB)
Downloading awscrt (8.3MiB)
Downloading pydantic-core (1.9MiB)
Downloading isaacsim-utils (2.1MiB)
Downloading isaacsim-example (2.6MiB)
Downloading nvidia-cuda-nvrtc-cu12 (22.6MiB)
 Downloaded isaacsim-cortex
 Downloaded pydantic-core
Downloading botocore (13.2MiB)
Downloading numba (3.5MiB)
Downloading kiwisolver (1.4MiB)
Downloading nvidia-cublas-cu12 (374.9MiB)
Downloading isaacsim-code-editor (1.2MiB)
Downloading sympy (5.9MiB)
Downloading torchvision (7.1MiB)
 Downloaded numba
Downloading isaacsim-robot (10.6MiB)
Downloading nvidia-cufft-cu12 (190.9MiB)
Downloading isaacsim-robot-motion (5.9MiB)
Downloading nvidia-cuda-cupti-cu12 (8.5MiB)
Downloading aiohttp (1.6MiB)
Downloading cryptography (4.0MiB)
 Downloaded numpy
Downloading isaacsim-kernel (61.3MiB)
Downloading nvidia-cusparse-cu12 (206.5MiB)
 Downloaded fonttools
 Downloaded aiohttp
 Downloaded botocore
 Downloaded cryptography
Downloading opencv-python-headless (47.7MiB)
Downloading nvidia-cufile-cu12 (1.1MiB)
Downloading nvidia-cusparselt-cu12 (149.5MiB)
   Building idna-ssl==1.1.0
   Building pyperclip==1.8.0
      Built pyperclip==1.8.0
      Built idna-ssl==1.1.0
 Downloaded networkx
 Downloaded isaacsim-robot-setup
 Downloaded isaacsim-storage
 Downloaded sympy
 Downloaded isaacsim-benchmark
 Downloaded torchvision
 Downloaded isaacsim-test
 Downloaded llvmlite
 Downloaded isaacsim-code-editor
 Downloaded matplotlib
 Downloaded awscrt
 Downloaded kiwisolver
 Downloaded pillow
 Downloaded torchaudio
 Downloaded isaacsim-utils
 Downloaded nvidia-cufile-cu12
 Downloaded isaacsim-core
 Downloaded isaacsim-example
 Downloaded scipy
 Downloaded isaacsim-sensor
 Downloaded isaacsim-app
 Downloaded isaacsim-replicator
 Downloaded opencv-python-headless
 Downloaded nvidia-nvjitlink-cu12
 Downloaded isaacsim-robot-motion
 Downloaded triton
 Downloaded nvidia-cuda-cupti-cu12
 Downloaded isaacsim-asset
 Downloaded isaacsim-robot
 Downloaded isaacsim-gui
 Downloaded nvidia-cuda-nvrtc-cu12
 Downloaded nvidia-curand-cu12
 Downloaded nvidia-cusolver-cu12
 Downloaded torch
 Downloaded isaacsim-kernel
 Downloaded isaacsim-ros2
 Downloaded nvidia-nccl-cu12
 Downloaded nvidia-cusparselt-cu12
 Downloaded nvidia-cufft-cu12
 Downloaded nvidia-cusparse-cu12
 Downloaded nvidia-cudnn-cu12
 Downloaded nvidia-cublas-cu12
 Downloaded isaacsim-extscache-kit-sdk
 Downloaded isaacsim-extscache-kit
Prepared 139 packages in 58m 30s
Uninstalled 1 package in 0.95ms
Installed 139 packages in 705ms
 + aioboto3==15.1.0
 + aiobotocore==2.24.0
 + aiodns==3.1.1
 + aiofiles==23.2.1
 + aiohappyeyeballs==2.4.4
 + aiohttp==3.11.11
 + aioitertools==0.11.0
 + aiosignal==1.3.2
 + annotated-types==0.8.0
 + anyio==4.14.2
 + asteval==1.0.6
 + async-timeout==5.0.1
 + attrs==25.1.0
 + awscrt==0.23.8
 + azure-core==1.28.0
 + azure-identity==1.13.0
 + azure-storage-blob==12.17.0
 + boto3==1.39.11
 + botocore==1.39.11
 + certifi==2026.7.22
 + cffi==2.1.1
 + charset-normalizer==3.3.2
 + click==8.1.7
 + contourpy==1.3.1
 + coverage==7.4.4
 + cryptography==44.0.0
 + cycler==0.11.0
 + fastapi==0.115.7
 + filelock==3.13.1
 + fonttools==4.55.3
 + frozenlist==1.5.0
 + fsspec==2024.6.1
 + gunicorn==23.0.0
 + h11==0.16.0
 + httptools==0.6.1
 + idna==3.10
 + idna-ssl==1.1.0
 + imageio==2.37.0
 + isaacsim==5.1.0.0
 + isaacsim-app==5.1.0.0
 + isaacsim-asset==5.1.0.0
 + isaacsim-benchmark==5.1.0.0
 + isaacsim-code-editor==5.1.0.0
 + isaacsim-core==5.1.0.0
 + isaacsim-cortex==5.1.0.0
 + isaacsim-example==5.1.0.0
 + isaacsim-extscache-kit==5.1.0.0
 + isaacsim-extscache-kit-sdk==5.1.0.0
 + isaacsim-extscache-physics==5.1.0.0
 + isaacsim-gui==5.1.0.0
 + isaacsim-kernel==5.1.0.0
 + isaacsim-replicator==5.1.0.0
 + isaacsim-rl==5.1.0.0
 + isaacsim-robot==5.1.0.0
 + isaacsim-robot-motion==5.1.0.0
 + isaacsim-robot-setup==5.1.0.0
 + isaacsim-ros1==5.1.0.0
 + isaacsim-ros2==5.1.0.0
 + isaacsim-sensor==5.1.0.0
 + isaacsim-storage==5.1.0.0
 + isaacsim-template==5.1.0.0
 + isaacsim-test==5.1.0.0
 + isaacsim-utils==5.1.0.0
 + isodate==0.6.1
 + jinja2==3.1.6
 + jmespath==1.0.1
 + kiwisolver==1.4.4
 + llvmlite==0.42.0
 + markupsafe==2.1.3
 + matplotlib==3.10.3
 + mpmath==1.3.0
 + msal==1.27.0
 + msal-extensions==1.0.0
 + multidict==6.1.0
 + nest-asyncio==1.5.6
 + networkx==3.3
 + numba==0.59.1
 + numpy==1.26.0
 + nvidia-cublas-cu12==12.6.4.1
 + nvidia-cuda-cupti-cu12==12.6.80
 + nvidia-cuda-nvrtc-cu12==12.6.77
 + nvidia-cuda-runtime-cu12==12.6.77
 + nvidia-cudnn-cu12==9.5.1.17
 + nvidia-cufft-cu12==11.3.0.4
 + nvidia-cufile-cu12==1.11.1.6
 + nvidia-curand-cu12==10.3.7.77
 + nvidia-cusolver-cu12==11.7.1.2
 + nvidia-cusparse-cu12==12.5.4.2
 + nvidia-cusparselt-cu12==0.6.3
 + nvidia-nccl-cu12==2.26.2
 + nvidia-nvjitlink-cu12==12.6.85
 + nvidia-nvtx-cu12==12.6.77
 + oauthlib==3.2.2
 + opencv-python-headless==4.11.0.86
 + osqp==0.6.7.post3
 - packaging==26.3
 + packaging==23.0
 + pillow==11.3.0
 + pint==0.20.1
 + portalocker==2.7.0
 + propcache==0.2.1
 + psutil==5.9.8
 + pycares==4.8.0
 + pycparser==3.0
 + pydantic==2.11.10
 + pydantic-core==2.33.2
 + pyjwt==2.13.0
 + pyparsing==3.0.9
 + pyperclip==1.8.0
 + pypng==0.20220715.0
 + python-dateutil==2.9.0.post0
 + python-multipart==0.0.20
 + pytz==2024.1
 + pyyaml==6.0.2
 + qdldl==0.1.7.post5
 + qrcode==7.4.2
 + requests==2.32.3
 + requests-oauthlib==1.3.1
 + rtree==1.3.0
 + s3transfer==0.13.1
 + scipy==1.15.3
 + sentry-sdk==2.29.1
 + six==1.17.0
 + starlette==0.45.3
 + sympy==1.13.3
 + toml==0.10.2
 + torch==2.7.0
 + torchaudio==2.7.0
 + torchvision==0.22.0
 + tornado==6.5.1
 + trimesh==4.5.1
 + triton==3.3.0
 + typing-extensions==4.12.2
 + typing-inspection==0.4.2
 + urllib3==2.7.0
 + uvicorn==0.29.0
 + watchdog==4.0.0
 + websockets==12.0
 + wrapt==1.16.0
 + yarl==1.18.3
Using Python 3.11.14 environment at: /home/helloworld/bly/sonic-repro/.venv-sonic
Resolved 28 packages in 5.41s
Downloading pillow (6.6MiB)
Downloading nvidia-cuda-nvrtc-cu12 (83.9MiB)
Downloading numpy (16.1MiB)
Downloading networkx (2.0MiB)
Downloading sympy (6.0MiB)
Downloading torch (1.0GiB)
Downloading nvidia-cublas-cu12 (581.4MiB)
Downloading torchvision (8.3MiB)
Downloading nvidia-cufft-cu12 (184.2MiB)
Downloading nvidia-cufile-cu12 (1.1MiB)
Downloading nvidia-cusolver-cu12 (248.3MiB)
Downloading nvidia-cuda-cupti-cu12 (9.8MiB)
Downloading nvidia-cusparse-cu12 (278.5MiB)
Downloading nvidia-nvjitlink-cu12 (37.4MiB)
Downloading nvidia-curand-cu12 (60.7MiB)
Downloading nvidia-cudnn-cu12 (693.2MiB)
 Downloaded networkx
 Downloaded nvidia-cufile-cu12
 Downloaded sympy
 Downloaded pillow
 Downloaded numpy
 Downloaded torchvision
 Downloaded nvidia-cuda-cupti-cu12
 Downloaded nvidia-nvjitlink-cu12
 Downloaded nvidia-cuda-nvrtc-cu12
Downloading nvidia-cufft-cu12 (184.2MiB)
Downloading nvidia-cusolver-cu12 (248.3MiB)
Downloading nvidia-curand-cu12 (60.7MiB)
Downloading nvidia-cusparse-cu12 (278.5MiB)
Downloading nvidia-cudnn-cu12 (693.2MiB)
Downloading nvidia-cublas-cu12 (581.4MiB)
 Downloaded nvidia-curand-cu12
 Downloaded torch
 Downloaded nvidia-cusolver-cu12
 Downloaded nvidia-cufft-cu12
 Downloaded nvidia-cusparse-cu12
 Downloaded nvidia-cublas-cu12
 Downloaded nvidia-cudnn-cu12
Prepared 22 packages in 29m 07s
Uninstalled 22 packages in 228ms
Installed 22 packages in 174ms
 - filelock==3.13.1
 + filelock==3.32.3
 - fsspec==2024.6.1
 + fsspec==2026.7.0
 - markupsafe==2.1.3
 + markupsafe==3.0.3
 - networkx==3.3
 + networkx==3.6.1
 - numpy==1.26.0
 + numpy==2.4.6
 - nvidia-cublas-cu12==12.6.4.1
 + nvidia-cublas-cu12==12.8.3.14
 - nvidia-cuda-cupti-cu12==12.6.80
 + nvidia-cuda-cupti-cu12==12.8.57
 - nvidia-cuda-nvrtc-cu12==12.6.77
 + nvidia-cuda-nvrtc-cu12==12.8.61
 - nvidia-cuda-runtime-cu12==12.6.77
 + nvidia-cuda-runtime-cu12==12.8.57
 - nvidia-cudnn-cu12==9.5.1.17
 + nvidia-cudnn-cu12==9.7.1.26
 - nvidia-cufft-cu12==11.3.0.4
 + nvidia-cufft-cu12==11.3.3.41
 - nvidia-cufile-cu12==1.11.1.6
 + nvidia-cufile-cu12==1.13.0.11
 - nvidia-curand-cu12==10.3.7.77
 + nvidia-curand-cu12==10.3.9.55
 - nvidia-cusolver-cu12==11.7.1.2
 + nvidia-cusolver-cu12==11.7.2.55
 - nvidia-cusparse-cu12==12.5.4.2
 + nvidia-cusparse-cu12==12.5.7.53
 - nvidia-nvjitlink-cu12==12.6.85
 + nvidia-nvjitlink-cu12==12.8.61
 - nvidia-nvtx-cu12==12.6.77
 + nvidia-nvtx-cu12==12.8.55
 - pillow==11.3.0
 + pillow==12.3.0
 - sympy==1.13.3
 + sympy==1.14.0
 - torch==2.7.0
 + torch==2.7.0+cu128
 - torchvision==0.22.0
 + torchvision==0.22.0+cu128
 - typing-extensions==4.12.2
 + typing-extensions==4.16.0
Cloning into '/home/helloworld/bly/sonic-repro/IsaacLab'...
Note: switching to '37ddf626871758333d6ed89cf64ad702aef127d0'.

You are in 'detached HEAD' state. You can look around, make experimental
changes and commit them, and you can discard any commits you make in this
state without impacting any branches by switching back to a branch.

If you want to create a new branch to retain commits you create, you may
do so (now or later) by using -c with the switch command. Example:

  git switch -c <new-branch-name>

Or undo this operation with:

  git switch -

Turn off this advice by setting config variable advice.detachedHead to false

[3gH    H    H    H    H    H    H    H    H    H    H    H    H    H    H    H    H    H    H    H   [INFO] cmake is already installed.
[INFO] Installing extensions inside the Isaac Lab repository...
	 module: /home/helloworld/bly/sonic-repro/IsaacLab/source/isaaclab_contrib
Using Python 3.11.14 environment at: /home/helloworld/bly/sonic-repro/.venv-sonic
Resolved 1 package in 2.00s
   Building isaaclab-contrib @ file:///home/helloworld/bly/sonic-repro/IsaacLab/source/isaaclab_contrib
      Built isaaclab-contrib @ file:///home/helloworld/bly/sonic-repro/IsaacLab/source/isaaclab_contrib
Prepared 1 package in 132ms
Installed 1 package in 1ms
 + isaaclab-contrib==0.0.2 (from file:///home/helloworld/bly/sonic-repro/IsaacLab/source/isaaclab_contrib)
	 module: /home/helloworld/bly/sonic-repro/IsaacLab/source/isaaclab_tasks
Using Python 3.11.14 environment at: /home/helloworld/bly/sonic-repro/.venv-sonic
Resolved 39 packages in 5.86s
   Building isaaclab-tasks @ file:///home/helloworld/bly/sonic-repro/IsaacLab/source/isaaclab_tasks
      Built isaaclab-tasks @ file:///home/helloworld/bly/sonic-repro/IsaacLab/source/isaaclab_tasks
Downloading tensorboard (5.3MiB)
Downloading grpcio (6.8MiB)
Downloading tensorboard-data-server (6.3MiB)
Downloading numpy (17.4MiB)
 Downloaded tensorboard
 Downloaded tensorboard-data-server
 Downloaded grpcio
 Downloaded numpy
Prepared 9 packages in 11.28s
Uninstalled 1 package in 25ms
Installed 9 packages in 25ms
 + absl-py==2.5.0
 + grpcio==1.83.0
 + isaaclab-tasks==0.11.12 (from file:///home/helloworld/bly/sonic-repro/IsaacLab/source/isaaclab_tasks)
 + markdown==3.10.3
 - numpy==2.4.6
 + numpy==1.26.4
 + protobuf==7.35.1
 + tensorboard==2.21.0
 + tensorboard-data-server==0.7.2
 + werkzeug==3.1.8
	 module: /home/helloworld/bly/sonic-repro/IsaacLab/source/isaaclab_rl
Using Python 3.11.14 environment at: /home/helloworld/bly/sonic-repro/.venv-sonic
Resolved 49 packages in 6.79s
   Building isaaclab-rl @ file:///home/helloworld/bly/sonic-repro/IsaacLab/source/isaaclab_rl
   Building antlr4-python3-runtime==4.9.3
      Built isaaclab-rl @ file:///home/helloworld/bly/sonic-repro/IsaacLab/source/isaaclab_rl
      Built antlr4-python3-runtime==4.9.3
Downloading imageio-ffmpeg (28.1MiB)
Downloading h5py (4.8MiB)
 Downloaded h5py
 Downloaded imageio-ffmpeg
Prepared 11 packages in 20.83s
Uninstalled 1 package in 2ms
Installed 12 packages in 10ms
 + antlr4-python3-runtime==4.9.3
 + decorator==5.3.1
 + h5py==3.16.0
 + hydra-core==1.3.5
 + imageio-ffmpeg==0.6.0
 + isaaclab-rl==0.4.7 (from file:///home/helloworld/bly/sonic-repro/IsaacLab/source/isaaclab_rl)
 + moviepy==2.2.1
 + omegaconf==2.3.1
 - pillow==12.3.0
 + pillow==11.3.0
 + proglog==0.1.12
 + python-dotenv==1.2.3
 + tqdm==4.70.0
	 module: /home/helloworld/bly/sonic-repro/IsaacLab/source/isaaclab_assets
Using Python 3.11.14 environment at: /home/helloworld/bly/sonic-repro/.venv-sonic
Resolved 1 package in 349ms
   Building isaaclab-assets @ file:///home/helloworld/bly/sonic-repro/IsaacLab/source/isaaclab_assets
      Built isaaclab-assets @ file:///home/helloworld/bly/sonic-repro/IsaacLab/source/isaaclab_assets
Prepared 1 package in 128ms
Installed 1 package in 1ms
 + isaaclab-assets==0.2.4 (from file:///home/helloworld/bly/sonic-repro/IsaacLab/source/isaaclab_assets)
	 module: /home/helloworld/bly/sonic-repro/IsaacLab/source/isaaclab_mimic
Using Python 3.11.14 environment at: /home/helloworld/bly/sonic-repro/.venv-sonic
Resolved 23 packages in 8.51s
   Building isaaclab-mimic @ file:///home/helloworld/bly/sonic-repro/IsaacLab/source/isaaclab_mimic
      Built isaaclab-mimic @ file:///home/helloworld/bly/sonic-repro/IsaacLab/source/isaaclab_mimic
Downloading pygments (1.2MiB)
Downloading widgetsnbextension (2.1MiB)
Downloading jedi (4.7MiB)
 Downloaded pygments
 Downloaded widgetsnbextension
 Downloaded jedi
Prepared 22 packages in 6.83s
Uninstalled 1 package in 0.94ms
Installed 22 packages in 129ms
 + asttokens==3.0.2
 + comm==0.2.3
 + executing==2.2.1
 + ipython==9.16.1
 + ipython-pygments-lexers==1.1.1
 + ipywidgets==8.1.5
 + isaaclab-mimic==1.0.16 (from file:///home/helloworld/bly/sonic-repro/IsaacLab/source/isaaclab_mimic)
 + jedi==0.20.0
 + jupyterlab-widgets==3.0.16
 + matplotlib-inline==0.2.2
 + parso==0.8.7
 + pexpect==4.9.0
 + prompt-toolkit==3.0.53
 - psutil==5.9.8
 + psutil==7.2.2
 + ptyprocess==0.7.0
 + pure-eval==0.2.3
 + pygments==2.21.0
 + stack-data==0.6.3
 + tomli==2.4.1
 + traitlets==5.16.1
 + wcwidth==0.8.2
 + widgetsnbextension==4.0.15
	 module: /home/helloworld/bly/sonic-repro/IsaacLab/source/isaaclab
Using Python 3.11.14 environment at: /home/helloworld/bly/sonic-repro/.venv-sonic
  × Failed to build `flatdict==4.0.1`
  ├─▶ The build backend returned an error
  ╰─▶ Call to `setuptools.build_meta:__legacy__.build_wheel` failed (exit
      status: 1)

      [stderr]
      Traceback (most recent call last):
        File "<string>", line 14, in <module>
        File
      "/home/helloworld/bly/sonic-repro/.uv-cache/builds-v0/.tmpTTShVg/lib/python3.11/site-packages/setuptools/build_meta.py",
      line 333, in get_requires_for_build_wheel
          return self._get_build_requires(config_settings, requirements=[])
                 ^^^^^^^^^^^^^^^^^^^^^^^^^^^^^^^^^^^^^^^^^^^^^^^^^^^^^^^^^^
        File
      "/home/helloworld/bly/sonic-repro/.uv-cache/builds-v0/.tmpTTShVg/lib/python3.11/site-packages/setuptools/build_meta.py",
      line 301, in _get_build_requires
          self.run_setup()
        File
      "/home/helloworld/bly/sonic-repro/.uv-cache/builds-v0/.tmpTTShVg/lib/python3.11/site-packages/setuptools/build_meta.py",
      line 520, in run_setup
          super().run_setup(setup_script=setup_script)
        File
      "/home/helloworld/bly/sonic-repro/.uv-cache/builds-v0/.tmpTTShVg/lib/python3.11/site-packages/setuptools/build_meta.py",
      line 317, in run_setup
          exec(code, locals())  # noqa: S102 # exec is intentional here
          ^^^^^^^^^^^^^^^^^^^^
        File "<string>", line 1, in <module>
      ModuleNotFoundError: No module named 'pkg_resources'

      hint: This error likely indicates that `flatdict@4.0.1` depends on
      `pkg_resources`, but doesn't declare it as a build dependency. If
      `flatdict` is a first-party package, consider adding `pkg_resources`
      to its `build-system.requires`. Otherwise, either add it to your
      `pyproject.toml` under:

      [tool.uv.extra-build-dependencies]
      flatdict = ["pkg_resources"]

      or `uv pip install pkg_resources` into the environment and re-run with
      `--no-build-isolation`.
  help: `flatdict` (v4.0.1) was included because `isaaclab` (v0.54.2) depends
        on `flatdict==4.0.1`
[INFO] Installing extra requirements such as learning frameworks...
[INFO] No rl-framework will be installed.
Using Python 3.11.14 environment at: /home/helloworld/bly/sonic-repro/.venv-sonic
Resolved 49 packages in 362ms
   Building isaaclab-rl @ file:///home/helloworld/bly/sonic-repro/IsaacLab/source/isaaclab_rl
      Built isaaclab-rl @ file:///home/helloworld/bly/sonic-repro/IsaacLab/source/isaaclab_rl
Prepared 1 package in 128ms
Uninstalled 1 package in 0.53ms
Installed 1 package in 0.63ms
 ~ isaaclab-rl==0.4.7 (from file:///home/helloworld/bly/sonic-repro/IsaacLab/source/isaaclab_rl)
warning: The package `isaaclab-rl @ file:///home/helloworld/bly/sonic-repro/IsaacLab/source/isaaclab_rl` does not have an extra named `none`
Using Python 3.11.14 environment at: /home/helloworld/bly/sonic-repro/.venv-sonic
Resolved 23 packages in 345ms
   Building isaaclab-mimic @ file:///home/helloworld/bly/sonic-repro/IsaacLab/source/isaaclab_mimic
      Built isaaclab-mimic @ file:///home/helloworld/bly/sonic-repro/IsaacLab/source/isaaclab_mimic
Prepared 1 package in 127ms
Uninstalled 1 package in 0.31ms
Installed 1 package in 1ms
 ~ isaaclab-mimic==1.0.16 (from file:///home/helloworld/bly/sonic-repro/IsaacLab/source/isaaclab_mimic)
warning: The package `isaaclab-mimic @ file:///home/helloworld/bly/sonic-repro/IsaacLab/source/isaaclab_mimic` does not have an extra named `none`
[INFO] Setting up vscode settings...

By installing or using Omniverse Kit, I agree to the terms of NVIDIA OMNIVERSE LICENSE AGREEMENT (EULA)
in https://docs.omniverse.nvidia.com/platform/latest/common/NVIDIA_Omniverse_License_Agreement.html

Do you accept the EULA? (Yes/No): The EULA was accepted.

[WARN] Could not find Isaac Sim VSCode settings: /home/helloworld/bly/sonic-repro/.venv-sonic/lib/python3.11/site-packages/isaacsim/.vscode/settings.json.
	This will result in missing 'python.analysis.extraPaths' in the VSCode
	settings, which limits the functionality of the Python language server.
	However, it does not affect the functionality of the Isaac Lab project.
	We are working on a fix for this issue with the Isaac Sim team.
torch: 2.7.0+cu128
torch CUDA: 12.8
CUDA available: True
GPU: NVIDIA GeForce RTX 4090
Traceback (most recent call last):
  File "<stdin>", line 7, in <module>
ModuleNotFoundError: No module named 'isaaclab'
