Using Python 3.11.14 environment at: .venv-sonic
Resolved 3 packages in 2.01s
Downloading setuptools (1.1MiB)
 Downloaded setuptools
Prepared 1 package in 579ms
Uninstalled 2 packages in 9ms
Installed 2 packages in 19ms
 - packaging==23.0
 + packaging==26.3
 - setuptools==84.0.0
 + setuptools==80.9.0
<stdin>:2: UserWarning: pkg_resources is deprecated as an API. See https://setuptools.pypa.io/en/latest/pkg_resources.html. The pkg_resources package is slated for removal as early as 2025-11-30. Refrain from using this package or pin to Setuptools<81.
setuptools: 80.9.0
pkg_resources: /home/helloworld/bly/sonic-repro/.venv-sonic/lib/python3.11/site-packages/pkg_resources/__init__.py
Using Python 3.11.14 environment at: .venv-sonic
Resolved 1 package in 1.44s
   Building flatdict==4.0.1
      Built flatdict==4.0.1
Prepared 1 package in 217ms
Installed 1 package in 0.56ms
 + flatdict==4.0.1
Using Python 3.11.14 environment at: .venv-sonic
Resolved 97 packages in 33.53s
   Building isaaclab @ file:///home/helloworld/bly/sonic-repro/IsaacLab/source/isaaclab
      Built isaaclab @ file:///home/helloworld/bly/sonic-repro/IsaacLab/source/isaaclab
Downloading hpp-fcl (2.3MiB)
Downloading lxml (5.0MiB)
Downloading ml-dtypes (4.8MiB)
Downloading cmeel-octomap (1.1MiB)
Downloading warp-lang (155.5MiB)
Downloading cmeel-zlib (1.0MiB)
Downloading cmeel-qhull (3.1MiB)
Downloading onnx (18.2MiB)
Downloading cmeel-boost (33.1MiB)
Downloading transformers (11.4MiB)
Downloading eigenpy (4.5MiB)
Downloading cmeel-assimp (13.8MiB)
Downloading pyglet (1.1MiB)
Downloading tokenizers (3.1MiB)
Downloading pin (5.9MiB)
Downloading hf-xet (4.3MiB)
 Downloaded hpp-fcl
 Downloaded cmeel-octomap
 Downloaded lxml
 Downloaded ml-dtypes
 Downloaded pin
 Downloaded cmeel-zlib
 Downloaded pyglet
 Downloaded cmeel-assimp
 Downloaded cmeel-qhull
 Downloaded hf-xet
 Downloaded cmeel-boost
 Downloaded eigenpy
 Downloaded onnx
 Downloaded tokenizers
 Downloaded transformers
 Downloaded warp-lang
Prepared 46 packages in 1m 34s
Uninstalled 1 package in 1ms
Installed 46 packages in 277ms
 + anytree==2.13.0
 + cloudpickle==3.1.2
 + cmeel==0.60.1
 + cmeel-assimp==5.4.3.1
 + cmeel-boost==1.83.0
 + cmeel-console-bridge==1.0.2.3
 + cmeel-octomap==1.10.0
 + cmeel-qhull==8.0.2.1
 + cmeel-tinyxml==2.6.2.3
 + cmeel-urdfdom==3.1.1.1
 + cmeel-zlib==1.3.2
 + daqp==0.7.2
 + dex-retargeting==0.4.6
 + eigenpy==3.5.1
 + einops==0.8.2
 + farama-notifications==0.0.6
 + flaky==3.8.1
 + gymnasium==1.2.1
 + hf-xet==1.6.0
 + hidapi==0.14.0.post2
 + hpp-fcl==2.4.4
 + huggingface-hub==0.36.2
 + iniconfig==2.3.0
 + isaaclab==0.54.2 (from file:///home/helloworld/bly/sonic-repro/IsaacLab/source/isaaclab)
 + junitparser==5.0.1
 + loop-rate-limiters==1.2.0
 + lxml==6.1.1
 + ml-dtypes==0.5.4
 + nlopt==2.7.1
 + onnx==1.22.0
 + pin==2.7.0
 + pin-pink==3.1.0
 + pluggy==1.6.0
 + prettytable==3.3.0
 + pyglet==1.5.31
 + pytest==9.1.1
 + pytest-mock==3.15.1
 + pytransform3d==3.16.0
 + qpsolvers==4.13.0
 + quadprog==0.1.13
 + regex==2026.7.19
 + safetensors==0.8.0
 - starlette==0.45.3
 + starlette==0.49.1
 + tokenizers==0.22.2
 + transformers==4.57.6
 + warp-lang==1.16.0
isaaclab import: OK
isaaclab version: 0.54.2
torch: 2.7.0+cu128
torch CUDA: 12.8
CUDA available: True
GPU: NVIDIA GeForce RTX 4090
flatdict 4.0.1
isaaclab-assets 0.2.4
isaaclab-tasks 0.11.12
isaaclab-rl 0.4.7
isaaclab-mimic 1.0.16
